
> krixai-web@0.1.0 dev
> next dev

▲ Next.js 16.2.9 (Turbopack)
- Local:         http://localhost:3000
- Network:       http://192.168.1.5:3000
- Environments: .env.local
✓ Ready in 220ms
[@sentry/nextjs] DEPRECATION WARNING: disableLogger is deprecated and will be removed in a future version. Use webpack.treeshake.removeDebugLogging instead. (Not supported with Turbopack.)
[@sentry/nextjs] DEPRECATION WARNING: reactComponentAnnotation is deprecated and will be removed in a future version. Use webpack.reactComponentAnnotation instead. (Not supported with Turbopack.)
- Experiments (use with caution):
  · clientTraceMetadata

 GET / 200 in 2.9s (next.js: 207ms, proxy.ts: 2.5s, application-code: 176ms)
 GET /pricing 200 in 232ms (next.js: 27ms, proxy.ts: 172ms, application-code: 33ms)
 GET /docs 200 in 474ms (next.js: 31ms, proxy.ts: 409ms, application-code: 34ms)
 GET /research 200 in 393ms (next.js: 30ms, proxy.ts: 343ms, application-code: 19ms)
 GET /docs 200 in 246ms (next.js: 4ms, proxy.ts: 211ms, application-code: 31ms)
 GET /pricing 200 in 155ms (next.js: 3ms, proxy.ts: 129ms, application-code: 22ms)
✓ Compiled in 108ms
✓ Compiled in 452ms
 GET /pricing 200 in 654ms (next.js: 33ms, proxy.ts: 555ms, application-code: 66ms)
 GET /pricing 200 in 180ms (next.js: 1794µs, proxy.ts: 157ms, application-code: 21ms)
 GET /pricing 200 in 144ms (next.js: 2ms, proxy.ts: 116ms, application-code: 25ms)
 GET /pricing 200 in 158ms (next.js: 3ms, proxy.ts: 126ms, application-code: 29ms)
 GET /pricing 200 in 165ms (next.js: 3ms, proxy.ts: 133ms, application-code: 29ms)
 GET /pricing 200 in 172ms (next.js: 1264µs, proxy.ts: 150ms, application-code: 20ms)
 GET /pricing 200 in 149ms (next.js: 1615µs, proxy.ts: 128ms, application-code: 19ms)
 GET /pricing 200 in 151ms (next.js: 1212µs, proxy.ts: 119ms, application-code: 30ms)
 GET /pricing 200 in 133ms (next.js: 1310µs, proxy.ts: 115ms, application-code: 16ms)
 GET /pricing 200 in 368ms (next.js: 9ms, proxy.ts: 183ms, application-code: 176ms)
 GET / 200 in 256ms (next.js: 23ms, proxy.ts: 217ms, application-code: 17ms)
 GET /pricing 200 in 283ms (next.js: 6ms, proxy.ts: 256ms, application-code: 22ms)
✓ Compiled in 71ms
✓ Compiled in 53ms
 GET /pricing 200 in 1119ms (next.js: 11ms, proxy.ts: 990ms, application-code: 118ms)
✓ Compiled in 464ms
✓ Compiled in 231ms
 GET /pricing 200 in 2.0s (next.js: 52ms, proxy.ts: 1942ms, application-code: 30ms)
 GET /pricing 200 in 488ms (next.js: 4ms, proxy.ts: 446ms, application-code: 39ms)
 GET /pricing 200 in 546ms (next.js: 4ms, proxy.ts: 512ms, application-code: 29ms)
 HEAD /pricing 200 in 158ms (next.js: 3ms, proxy.ts: 7ms, application-code: 148ms)
 GET /pricing 200 in 86ms (next.js: 5ms, proxy.ts: 14ms, application-code: 68ms)
 POST /api/create-order 401 in 202ms (next.js: 166ms, proxy.ts: 23ms, application-code: 13ms)
 POST /api/create-order 401 in 14ms (next.js: 2ms, proxy.ts: 5ms, application-code: 6ms)
 POST /api/create-order 401 in 13ms (next.js: 2ms, proxy.ts: 4ms, application-code: 6ms)
 POST /api/create-order 401 in 12ms (next.js: 1920µs, proxy.ts: 4ms, application-code: 6ms)
Failed to insert order into DB {
  code: '42501',
  details: null,
  hint: 'Grant the required privileges to the current role with: GRANT INSERT ON public.razorpay_orders TO authenticated;',
  message: 'permission denied for table razorpay_orders'
}
 POST /api/create-order 500 in 2.3s (next.js: 6ms, proxy.ts: 1094ms, application-code: 1234ms)
✓ Compiled in 66ms
 POST /api/create-order 403 in 20ms (next.js: 5ms, proxy.ts: 6ms, application-code: 9ms)
 POST /api/create-order 401 in 5ms (next.js: 826µs, proxy.ts: 1580µs, application-code: 3ms)
 POST /api/create-order 401 in 6ms (next.js: 686µs, proxy.ts: 1494µs, application-code: 3ms)
 POST /api/create-order 403 in 6ms (next.js: 803µs, proxy.ts: 1906µs, application-code: 3ms)
 POST /api/create-order 200 in 7ms (next.js: 1176µs, proxy.ts: 3ms, application-code: 2ms)
 POST /api/create-order 200 in 5ms (next.js: 756µs, proxy.ts: 2ms, application-code: 1479µs)
 POST /api/create-order 403 in 30ms (next.js: 9ms, proxy.ts: 14ms, application-code: 7ms)
 POST /api/create-order 200 in 5ms (next.js: 1177µs, proxy.ts: 1213µs, application-code: 2ms)
 POST /api/create-order 200 in 4ms (next.js: 835µs, proxy.ts: 1365µs, application-code: 1577µs)
Razorpay Webhook Error: RangeError: Input buffers must have the same byte length
    at POST (src/app/api/webhooks/razorpay/route.ts:23:28)
  21 |
  22 |     // Timing-safe comparison
> 23 |     const isValid = crypto.timingSafeEqual(
     |                            ^
  24 |       Buffer.from(expectedSignature),
  25 |       Buffer.from(signature)
  26 |     ); {
  code: 'ERR_CRYPTO_TIMING_SAFE_EQUAL_LENGTH'
}
 POST /api/webhooks/razorpay 500 in 1597ms (next.js: 1500ms, proxy.ts: 1415µs, application-code: 95ms)
Razorpay Webhook Error: RangeError: Input buffers must have the same byte length
    at POST (src/app/api/webhooks/razorpay/route.ts:23:28)
  21 |
  22 |     // Timing-safe comparison
> 23 |     const isValid = crypto.timingSafeEqual(
     |                            ^
  24 |       Buffer.from(expectedSignature),
  25 |       Buffer.from(signature)
  26 |     ); {
  code: 'ERR_CRYPTO_TIMING_SAFE_EQUAL_LENGTH'
}
 POST /api/webhooks/razorpay 500 in 54ms (next.js: 3ms, proxy.ts: 5ms, application-code: 46ms)
Razorpay Webhook Error: RangeError: Input buffers must have the same byte length
    at POST (src/app/api/webhooks/razorpay/route.ts:23:28)
  21 |
  22 |     // Timing-safe comparison
> 23 |     const isValid = crypto.timingSafeEqual(
     |                            ^
  24 |       Buffer.from(expectedSignature),
  25 |       Buffer.from(signature)
  26 |     ); {
  code: 'ERR_CRYPTO_TIMING_SAFE_EQUAL_LENGTH'
}
 POST /api/webhooks/razorpay 500 in 30ms (next.js: 719µs, proxy.ts: 1263µs, application-code: 28ms)
Razorpay Webhook Error: RangeError: Input buffers must have the same byte length
    at POST (src/app/api/webhooks/razorpay/route.ts:23:28)
  21 |
  22 |     // Timing-safe comparison
> 23 |     const isValid = crypto.timingSafeEqual(
     |                            ^
  24 |       Buffer.from(expectedSignature),
  25 |       Buffer.from(signature)
  26 |     ); {
  code: 'ERR_CRYPTO_TIMING_SAFE_EQUAL_LENGTH'
}
 POST /api/webhooks/razorpay 500 in 36ms (next.js: 743µs, proxy.ts: 1732µs, application-code: 33ms)
 POST /api/webhooks/razorpay 400 in 6ms (next.js: 3ms, proxy.ts: 1391µs, application-code: 1793µs)
 POST /api/create-order 403 in 22ms (next.js: 9ms, proxy.ts: 7ms, application-code: 6ms)
 POST /api/create-order 200 in 8ms (next.js: 1775µs, proxy.ts: 5ms, application-code: 1745µs)
 POST /api/create-order 200 in 4ms (next.js: 784µs, proxy.ts: 1457µs, application-code: 1981µs)
 POST /api/webhooks/razorpay 200 in 8ms (next.js: 3ms, proxy.ts: 1493µs, application-code: 3ms)
 POST /api/webhooks/razorpay 200 in 6ms (next.js: 904µs, proxy.ts: 4ms, application-code: 1303µs)
 POST /api/webhooks/razorpay 200 in 3ms (next.js: 540µs, proxy.ts: 1374µs, application-code: 1115µs)
 POST /api/webhooks/razorpay 200 in 3ms (next.js: 763µs, proxy.ts: 1407µs, application-code: 1129µs)
 POST /api/webhooks/razorpay 400 in 2ms (next.js: 504µs, proxy.ts: 1139µs, application-code: 788µs)
 POST /api/create-order 403 in 16ms (next.js: 4ms, proxy.ts: 5ms, application-code: 7ms)
 POST /api/create-order 200 in 10ms (next.js: 3ms, proxy.ts: 5ms, application-code: 1852µs)
 POST /api/create-order 200 in 4ms (next.js: 694µs, proxy.ts: 1444µs, application-code: 2ms)
 POST /api/webhooks/razorpay 200 in 5ms (next.js: 1928µs, proxy.ts: 1206µs, application-code: 2ms)
 POST /api/webhooks/razorpay 200 in 3ms (next.js: 804µs, proxy.ts: 1098µs, application-code: 1093µs)
 POST /api/webhooks/razorpay 200 in 3ms (next.js: 530µs, proxy.ts: 1427µs, application-code: 1020µs)
 POST /api/webhooks/razorpay 200 in 3ms (next.js: 535µs, proxy.ts: 1075µs, application-code: 1082µs)
 POST /api/webhooks/razorpay 400 in 3ms (next.js: 683µs, proxy.ts: 1397µs, application-code: 843µs)
 GET /pricing 200 in 3.4s (next.js: 67ms, proxy.ts: 3.3s, application-code: 35ms)
 GET /pricing 200 in 605ms (next.js: 4ms, proxy.ts: 560ms, application-code: 42ms)
 GET /pricing 200 in 607ms (next.js: 3ms, proxy.ts: 574ms, application-code: 30ms)
 GET /pricing 200 in 444ms (next.js: 23ms, proxy.ts: 398ms, application-code: 23ms)
 GET /pricing 200 in 193ms (next.js: 1488µs, proxy.ts: 162ms, application-code: 30ms)
 GET /pricing 200 in 201ms (next.js: 1870µs, proxy.ts: 175ms, application-code: 24ms)
 GET /pricing 200 in 194ms (next.js: 3ms, proxy.ts: 159ms, application-code: 32ms)
 GET /pricing 200 in 180ms (next.js: 4ms, proxy.ts: 155ms, application-code: 21ms)
 GET /pricing 200 in 381ms (next.js: 25ms, proxy.ts: 329ms, application-code: 27ms)
 GET /pricing 200 in 184ms (next.js: 1664µs, proxy.ts: 158ms, application-code: 25ms)
 GET /pricing 200 in 192ms (next.js: 3ms, proxy.ts: 158ms, application-code: 30ms)
 GET /pricing 200 in 203ms (next.js: 3ms, proxy.ts: 167ms, application-code: 32ms)
 GET /pricing 200 in 381ms (next.js: 25ms, proxy.ts: 333ms, application-code: 22ms)
 GET /pricing 200 in 216ms (next.js: 1789µs, proxy.ts: 192ms, application-code: 22ms)
 GET /pricing 200 in 186ms (next.js: 3ms, proxy.ts: 156ms, application-code: 28ms)
✓ Compiled in 604ms
⨯ ReferenceError: PricingCTA is not defined
    at PricingPage (src/app/(marketing)/pricing/page.tsx:32:8)
  30 |       </section>
  31 |
> 32 |       <PricingCTA />
     |        ^
  33 |     </main>
  34 |   );
  35 | } {
  digest: '2252495954'
}
 GET /pricing 200 in 529ms (next.js: 48ms, proxy.ts: 398ms, application-code: 83ms)
⨯ ReferenceError: PricingCTA is not defined
    at PricingPage (src/app/(marketing)/pricing/page.tsx:32:8)
  30 |       </section>
  31 |
> 32 |       <PricingCTA />
     |        ^
  33 |     </main>
  34 |   );
  35 | } {
  digest: '2252495954'
}
 GET /pricing 200 in 227ms (next.js: 1224µs, proxy.ts: 212ms, application-code: 13ms)
⨯ ReferenceError: PricingCTA is not defined
    at PricingPage (src/app/(marketing)/pricing/page.tsx:32:8)
  30 |       </section>
  31 |
> 32 |       <PricingCTA />
     |        ^
  33 |     </main>
  34 |   );
  35 | } {
  digest: '2252495954'
}
 GET /pricing 200 in 195ms (next.js: 1146µs, proxy.ts: 181ms, application-code: 13ms)
⨯ ReferenceError: PricingCTA is not defined
    at PricingPage (src/app/(marketing)/pricing/page.tsx:32:8)
  30 |       </section>
  31 |
> 32 |       <PricingCTA />
     |        ^
  33 |     </main>
  34 |   );
  35 | } {
  digest: '2252495954'
}
 GET /pricing 200 in 177ms (next.js: 1824µs, proxy.ts: 158ms, application-code: 17ms)
⨯ ReferenceError: PricingCTA is not defined
    at PricingPage (src/app/(marketing)/pricing/page.tsx:32:8)
  30 |       </section>
  31 |
> 32 |       <PricingCTA />
     |        ^
  33 |     </main>
  34 |   );
  35 | } {
  digest: '2252495954'
}
 GET /pricing 200 in 1710ms (next.js: 3ms, proxy.ts: 1685ms, application-code: 22ms)
⨯ ReferenceError: PricingCTA is not defined
    at PricingPage (src/app/(marketing)/pricing/page.tsx:32:8)
  30 |       </section>
  31 |
> 32 |       <PricingCTA />
     |        ^
  33 |     </main>
  34 |   );
  35 | } {
  digest: '2252495954'
}
 GET /pricing 200 in 1844ms (next.js: 3ms, proxy.ts: 1821ms, application-code: 20ms)
✓ Compiled in 242ms
 GET /pricing 200 in 548ms (next.js: 40ms, proxy.ts: 368ms, application-code: 140ms)
✓ Compiled in 618ms
 GET /pricing 200 in 534ms (next.js: 48ms, proxy.ts: 446ms, application-code: 40ms)
 GET /pricing 200 in 196ms (next.js: 1484µs, proxy.ts: 170ms, application-code: 24ms)
 GET /pricing 200 in 214ms (next.js: 3ms, proxy.ts: 181ms, application-code: 30ms)
 GET /pricing 200 in 235ms (next.js: 3ms, proxy.ts: 199ms, application-code: 33ms)
 GET /pricing 200 in 199ms (next.js: 1422µs, proxy.ts: 175ms, application-code: 22ms)
 GET /pricing 200 in 196ms (next.js: 1409µs, proxy.ts: 175ms, application-code: 20ms)
 GET /pricing 200 in 186ms (next.js: 2ms, proxy.ts: 154ms, application-code: 29ms)
 GET /pricing 200 in 234ms (next.js: 4ms, proxy.ts: 192ms, application-code: 38ms)
 GET /pricing 200 in 229ms (next.js: 1019µs, proxy.ts: 213ms, application-code: 15ms)
 GET /pricing 200 in 1270ms (next.js: 3ms, proxy.ts: 1232ms, application-code: 35ms)
 GET /pricing 200 in 215ms (next.js: 4ms, proxy.ts: 171ms, application-code: 39ms)
 GET /pricing 200 in 1413ms (next.js: 3ms, proxy.ts: 1380ms, application-code: 30ms)
 GET /pricing 200 in 643ms (next.js: 3ms, proxy.ts: 609ms, application-code: 31ms)
 GET /pricing 200 in 230ms (next.js: 3ms, proxy.ts: 192ms, application-code: 34ms)
 GET /pricing 200 in 231ms (next.js: 3ms, proxy.ts: 195ms, application-code: 33ms)
 GET /pricing 200 in 247ms (next.js: 3ms, proxy.ts: 213ms, application-code: 31ms)
 GET /pricing 200 in 212ms (next.js: 3ms, proxy.ts: 173ms, application-code: 36ms)
 GET /pricing 200 in 206ms (next.js: 3ms, proxy.ts: 171ms, application-code: 32ms)
 GET /pricing 200 in 198ms (next.js: 3ms, proxy.ts: 166ms, application-code: 29ms)
 GET /pricing 200 in 281ms (next.js: 3ms, proxy.ts: 242ms, application-code: 36ms)
 GET /pricing 200 in 206ms (next.js: 3ms, proxy.ts: 171ms, application-code: 32ms)
 GET /pricing 200 in 205ms (next.js: 3ms, proxy.ts: 169ms, application-code: 33ms)
 GET /pricing 200 in 192ms (next.js: 3ms, proxy.ts: 153ms, application-code: 36ms)
 GET /pricing 200 in 192ms (next.js: 3ms, proxy.ts: 156ms, application-code: 32ms)
 GET /pricing 200 in 266ms (next.js: 3ms, proxy.ts: 232ms, application-code: 31ms)
 GET /pricing 200 in 181ms (next.js: 1309µs, proxy.ts: 148ms, application-code: 31ms)
 GET /pricing 200 in 192ms (next.js: 2ms, proxy.ts: 171ms, application-code: 19ms)
 GET /pricing 200 in 1740ms (next.js: 3ms, proxy.ts: 1705ms, application-code: 33ms)
 GET /pricing 200 in 214ms (next.js: 1725µs, proxy.ts: 188ms, application-code: 23ms)
 GET /pricing 200 in 314ms (next.js: 3ms, proxy.ts: 279ms, application-code: 32ms)
 GET /pricing 200 in 215ms (next.js: 3ms, proxy.ts: 177ms, application-code: 35ms)
 GET /pricing 200 in 314ms (next.js: 3ms, proxy.ts: 279ms, application-code: 33ms)
 GET /pricing 200 in 557ms (next.js: 3ms, proxy.ts: 522ms, application-code: 32ms)
 GET /pricing 200 in 856ms (next.js: 3ms, proxy.ts: 820ms, application-code: 33ms)
 GET /pricing 200 in 925ms (next.js: 3ms, proxy.ts: 888ms, application-code: 34ms)
 GET /pricing 200 in 201ms (next.js: 3ms, proxy.ts: 164ms, application-code: 34ms)
 GET /pricing 200 in 284ms (next.js: 3ms, proxy.ts: 248ms, application-code: 33ms)
 GET /pricing 200 in 212ms (next.js: 4ms, proxy.ts: 167ms, application-code: 42ms)
 GET /pricing 200 in 210ms (next.js: 3ms, proxy.ts: 172ms, application-code: 35ms)
 GET /pricing 200 in 201ms (next.js: 3ms, proxy.ts: 169ms, application-code: 30ms)
 GET /pricing 200 in 258ms (next.js: 3ms, proxy.ts: 223ms, application-code: 32ms)
 GET /pricing 200 in 216ms (next.js: 3ms, proxy.ts: 179ms, application-code: 34ms)
 GET /pricing 200 in 193ms (next.js: 3ms, proxy.ts: 157ms, application-code: 33ms)
 GET /pricing 200 in 200ms (next.js: 3ms, proxy.ts: 160ms, application-code: 37ms)
 GET /pricing 200 in 232ms (next.js: 3ms, proxy.ts: 195ms, application-code: 34ms)
 GET /pricing 200 in 225ms (next.js: 4ms, proxy.ts: 189ms, application-code: 32ms)
 GET /pricing 200 in 196ms (next.js: 3ms, proxy.ts: 162ms, application-code: 31ms)
 GET /pricing 200 in 194ms (next.js: 3ms, proxy.ts: 158ms, application-code: 33ms)
 GET /pricing 200 in 191ms (next.js: 3ms, proxy.ts: 156ms, application-code: 31ms)
 GET /pricing 200 in 214ms (next.js: 3ms, proxy.ts: 172ms, application-code: 38ms)
 GET /pricing 200 in 192ms (next.js: 3ms, proxy.ts: 156ms, application-code: 33ms)
 GET /pricing 200 in 242ms (next.js: 3ms, proxy.ts: 207ms, application-code: 31ms)
 GET /pricing 200 in 205ms (next.js: 3ms, proxy.ts: 170ms, application-code: 31ms)
 GET /pricing 200 in 199ms (next.js: 3ms, proxy.ts: 163ms, application-code: 33ms)
 GET /pricing 200 in 213ms (next.js: 3ms, proxy.ts: 178ms, application-code: 32ms)
 GET /pricing 200 in 194ms (next.js: 4ms, proxy.ts: 153ms, application-code: 38ms)
 GET /pricing 200 in 252ms (next.js: 3ms, proxy.ts: 215ms, application-code: 34ms)
 GET /pricing 200 in 222ms (next.js: 3ms, proxy.ts: 187ms, application-code: 32ms)
 GET /pricing 200 in 193ms (next.js: 3ms, proxy.ts: 157ms, application-code: 33ms)
 GET /pricing 200 in 191ms (next.js: 3ms, proxy.ts: 155ms, application-code: 32ms)
 GET /pricing 200 in 200ms (next.js: 3ms, proxy.ts: 164ms, application-code: 32ms)
 GET /pricing 200 in 268ms (next.js: 3ms, proxy.ts: 227ms, application-code: 38ms)
 GET /pricing 200 in 197ms (next.js: 3ms, proxy.ts: 159ms, application-code: 34ms)
 GET /pricing 200 in 194ms (next.js: 3ms, proxy.ts: 159ms, application-code: 32ms)
 GET /pricing 200 in 198ms (next.js: 3ms, proxy.ts: 164ms, application-code: 31ms)
 GET /pricing 200 in 193ms (next.js: 3ms, proxy.ts: 164ms, application-code: 26ms)
 GET /pricing 200 in 304ms (next.js: 3ms, proxy.ts: 271ms, application-code: 30ms)
 GET /pricing 200 in 250ms (next.js: 2ms, proxy.ts: 224ms, application-code: 23ms)
 GET /pricing 200 in 459ms (next.js: 1064µs, proxy.ts: 442ms, application-code: 17ms)
 GET /pricing 200 in 520ms (next.js: 748µs, proxy.ts: 464ms, application-code: 55ms)
 GET /pricing 200 in 522ms (next.js: 12ms, proxy.ts: 481ms, application-code: 28ms)
 GET /pricing 200 in 218ms (next.js: 993µs, proxy.ts: 177ms, application-code: 40ms)
 GET /pricing 200 in 526ms (next.js: 699µs, proxy.ts: 506ms, application-code: 19ms)
 GET /pricing 200 in 177ms (next.js: 1021µs, proxy.ts: 160ms, application-code: 16ms)
 GET /pricing 200 in 238ms (next.js: 1908µs, proxy.ts: 176ms, application-code: 60ms)
 GET /pricing 200 in 239ms (next.js: 19ms, proxy.ts: 177ms, application-code: 43ms)
 GET /pricing 200 in 238ms (next.js: 1358µs, proxy.ts: 206ms, application-code: 31ms)
 GET /pricing 200 in 243ms (next.js: 14ms, proxy.ts: 209ms, application-code: 20ms)
 GET /pricing 200 in 229ms (next.js: 29ms, proxy.ts: 176ms, application-code: 24ms)
 GET /pricing 200 in 378ms (next.js: 763µs, proxy.ts: 366ms, application-code: 11ms)
 GET /pricing 200 in 175ms (next.js: 1084µs, proxy.ts: 158ms, application-code: 16ms)
 GET /pricing 200 in 208ms (next.js: 724µs, proxy.ts: 181ms, application-code: 26ms)
 GET /pricing 200 in 204ms (next.js: 692µs, proxy.ts: 191ms, application-code: 12ms)
 GET /pricing 200 in 188ms (next.js: 790µs, proxy.ts: 157ms, application-code: 31ms)
 GET /pricing 200 in 191ms (next.js: 746µs, proxy.ts: 171ms, application-code: 19ms)
 GET /pricing 200 in 224ms (next.js: 1133µs, proxy.ts: 168ms, application-code: 55ms)
 GET /pricing 200 in 398ms (next.js: 903µs, proxy.ts: 358ms, application-code: 39ms)
 GET /pricing 200 in 196ms (next.js: 686µs, proxy.ts: 168ms, application-code: 28ms)
 GET /pricing 200 in 197ms (next.js: 669µs, proxy.ts: 180ms, application-code: 16ms)
 GET /pricing 200 in 205ms (next.js: 755µs, proxy.ts: 176ms, application-code: 28ms)
 GET /pricing 200 in 203ms (next.js: 644µs, proxy.ts: 187ms, application-code: 15ms)
 GET /pricing 200 in 167ms (next.js: 1063µs, proxy.ts: 150ms, application-code: 17ms)
 GET /pricing 200 in 201ms (next.js: 786µs, proxy.ts: 175ms, application-code: 26ms)
 GET /pricing 200 in 200ms (next.js: 7ms, proxy.ts: 187ms, application-code: 7ms)
 GET /pricing 200 in 199ms (next.js: 993µs, proxy.ts: 185ms, application-code: 13ms)
 GET /pricing 200 in 256ms (next.js: 1102µs, proxy.ts: 224ms, application-code: 31ms)
 GET /pricing 200 in 256ms (next.js: 827µs, proxy.ts: 240ms, application-code: 14ms)
 GET /pricing 200 in 173ms (next.js: 774µs, proxy.ts: 156ms, application-code: 16ms)
 GET /pricing 200 in 197ms (next.js: 938µs, proxy.ts: 168ms, application-code: 28ms)
 GET /pricing 200 in 196ms (next.js: 807µs, proxy.ts: 182ms, application-code: 14ms)
  Reload env: .env.local
 GET /pricing 200 in 1637ms (next.js: 51ms, proxy.ts: 1552ms, application-code: 34ms)
 POST /api/create-order 403 in 80ms (next.js: 70ms, proxy.ts: 4ms, application-code: 6ms)
 POST /api/create-order 200 in 4ms (next.js: 776µs, proxy.ts: 1530µs, application-code: 1772µs)
 POST /api/create-order 200 in 3ms (next.js: 704µs, proxy.ts: 1183µs, application-code: 1561µs)
 POST /api/webhooks/razorpay 200 in 28ms (next.js: 23ms, proxy.ts: 1325µs, application-code: 3ms)
 POST /api/webhooks/razorpay 200 in 3ms (next.js: 549µs, proxy.ts: 1152µs, application-code: 1047µs)
 POST /api/webhooks/razorpay 200 in 3ms (next.js: 562µs, proxy.ts: 1351µs, application-code: 1112µs)
 POST /api/webhooks/razorpay 200 in 3ms (next.js: 493µs, proxy.ts: 1083µs, application-code: 1095µs)
 POST /api/webhooks/razorpay 400 in 3ms (next.js: 586µs, proxy.ts: 1133µs, application-code: 821µs)
 POST /api/dev/test-config 400 in 233ms (next.js: 230ms, proxy.ts: 1110µs, application-code: 2ms)
 POST /api/dev/test-config 400 in 3ms (next.js: 578µs, proxy.ts: 1280µs, application-code: 1094µs)
 POST /api/dev/test-config 400 in 3ms (next.js: 506µs, proxy.ts: 1103µs, application-code: 966µs)
 POST /api/dev/test-config 200 in 3ms (next.js: 478µs, proxy.ts: 963µs, application-code: 1128µs)
✓ Compiled in 103ms
⨯ Error: Test mode requires rzp_test_ key
    at validateRazorpayConfig (src/utils/razorpay-config.ts:17:47)
    at getRazorpayConfig (src/utils/razorpay-config.ts:43:20)
    at PricingPage (src/app/(marketing)/pricing/page.tsx:10:35)
  15 |     webhookSecret = env.RAZORPAY_TEST_WEBHOOK_SECRET || '';
  16 |     
> 17 |     if (!keyId.startsWith('rzp_test_')) throw new Error("Test mode requires rzp_test_ key");
     |                                               ^
  18 |     if (!keySecret) throw new Error("Missing RAZORPAY_TEST_KEY_SECRET");
  19 |     if (!webhookSecret) throw new Error("Missing RAZORPAY_TEST_WEBHOOK_SECRET");
  20 |   } else if (mode === 'live') { {
  digest: '2840861613'
}
 GET /pricing 200 in 1518ms (next.js: 12ms, proxy.ts: 1476ms, application-code: 30ms)
  Reload env: .env.local
 GET /pricing 200 in 508ms (next.js: 54ms, proxy.ts: 300ms, application-code: 154ms)
✓ Compiled in 40ms
 GET /pricing 200 in 224ms (next.js: 7ms, proxy.ts: 193ms, application-code: 23ms)
✓ Compiled in 36ms
 GET /pricing 200 in 541ms (next.js: 53ms, proxy.ts: 385ms, application-code: 103ms)
 GET /pricing 200 in 430ms (next.js: 2ms, proxy.ts: 400ms, application-code: 28ms)
 GET /pricing 200 in 160ms (next.js: 1425µs, proxy.ts: 138ms, application-code: 20ms)
 GET /pricing 200 in 159ms (next.js: 1604µs, proxy.ts: 136ms, application-code: 21ms)
 GET /pricing 200 in 146ms (next.js: 1766µs, proxy.ts: 116ms, application-code: 28ms)
 GET /pricing 200 in 218ms (next.js: 1272µs, proxy.ts: 199ms, application-code: 18ms)
 GET /pricing 200 in 236ms (next.js: 3ms, proxy.ts: 202ms, application-code: 31ms)
 GET /pricing 200 in 175ms (next.js: 3ms, proxy.ts: 140ms, application-code: 31ms)
 GET /pricing 200 in 235ms (next.js: 2ms, proxy.ts: 208ms, application-code: 25ms)
 GET /pricing 200 in 149ms (next.js: 3ms, proxy.ts: 118ms, application-code: 28ms)
 GET /pricing 200 in 295ms (next.js: 4ms, proxy.ts: 252ms, application-code: 39ms)
 GET /pricing 200 in 169ms (next.js: 3ms, proxy.ts: 136ms, application-code: 30ms)
 GET /pricing 200 in 146ms (next.js: 3ms, proxy.ts: 115ms, application-code: 28ms)
 GET /pricing 200 in 187ms (next.js: 947µs, proxy.ts: 172ms, application-code: 14ms)
 GET /pricing 200 in 203ms (next.js: 3ms, proxy.ts: 172ms, application-code: 29ms)
 GET /pricing 200 in 169ms (next.js: 2ms, proxy.ts: 138ms, application-code: 29ms)
 GET /pricing 200 in 258ms (next.js: 3ms, proxy.ts: 215ms, application-code: 40ms)
 GET /pricing 200 in 174ms (next.js: 3ms, proxy.ts: 139ms, application-code: 32ms)
 GET /pricing 200 in 143ms (next.js: 2ms, proxy.ts: 114ms, application-code: 27ms)
 GET /pricing 200 in 170ms (next.js: 3ms, proxy.ts: 134ms, application-code: 32ms)
 GET /pricing 200 in 151ms (next.js: 3ms, proxy.ts: 116ms, application-code: 31ms)
 GET /pricing 200 in 168ms (next.js: 3ms, proxy.ts: 137ms, application-code: 28ms)
 GET /pricing 200 in 195ms (next.js: 3ms, proxy.ts: 153ms, application-code: 38ms)
 GET /pricing 200 in 199ms (next.js: 3ms, proxy.ts: 164ms, application-code: 32ms)
 GET /pricing 200 in 134ms (next.js: 1152µs, proxy.ts: 115ms, application-code: 17ms)
 GET /pricing 200 in 172ms (next.js: 1061µs, proxy.ts: 156ms, application-code: 14ms)
 GET /pricing 200 in 173ms (next.js: 1406µs, proxy.ts: 152ms, application-code: 20ms)
 GET /pricing 200 in 163ms (next.js: 2ms, proxy.ts: 135ms, application-code: 26ms)
 GET /pricing 200 in 225ms (next.js: 3ms, proxy.ts: 182ms, application-code: 39ms)
 GET /pricing 200 in 170ms (next.js: 3ms, proxy.ts: 137ms, application-code: 30ms)
 GET /pricing 200 in 147ms (next.js: 1870µs, proxy.ts: 122ms, application-code: 23ms)
 GET /pricing 200 in 208ms (next.js: 3ms, proxy.ts: 173ms, application-code: 33ms)
 GET /pricing 200 in 158ms (next.js: 3ms, proxy.ts: 124ms, application-code: 32ms)
 GET /pricing 200 in 170ms (next.js: 3ms, proxy.ts: 138ms, application-code: 29ms)
 GET /pricing 200 in 212ms (next.js: 3ms, proxy.ts: 171ms, application-code: 38ms)
 GET /pricing 200 in 175ms (next.js: 3ms, proxy.ts: 139ms, application-code: 33ms)
 GET /pricing 200 in 227ms (next.js: 3ms, proxy.ts: 192ms, application-code: 32ms)
 GET /pricing 200 in 174ms (next.js: 3ms, proxy.ts: 140ms, application-code: 32ms)
 GET /pricing 200 in 152ms (next.js: 3ms, proxy.ts: 118ms, application-code: 31ms)
 GET /pricing 200 in 173ms (next.js: 3ms, proxy.ts: 137ms, application-code: 33ms)
 GET /pricing 200 in 179ms (next.js: 3ms, proxy.ts: 139ms, application-code: 36ms)
 GET /pricing 200 in 151ms (next.js: 3ms, proxy.ts: 115ms, application-code: 33ms)
 GET /pricing 200 in 173ms (next.js: 3ms, proxy.ts: 141ms, application-code: 29ms)
 GET /pricing 200 in 190ms (next.js: 3ms, proxy.ts: 154ms, application-code: 32ms)
 GET /pricing 200 in 266ms (next.js: 3ms, proxy.ts: 230ms, application-code: 33ms)
 GET /pricing 200 in 153ms (next.js: 3ms, proxy.ts: 119ms, application-code: 31ms)
 GET /pricing 200 in 170ms (next.js: 3ms, proxy.ts: 132ms, application-code: 35ms)
 GET /pricing 200 in 147ms (next.js: 1930µs, proxy.ts: 119ms, application-code: 26ms)
 GET /pricing 200 in 168ms (next.js: 3ms, proxy.ts: 134ms, application-code: 31ms)
 GET /pricing 200 in 187ms (next.js: 1889µs, proxy.ts: 160ms, application-code: 25ms)
 GET /pricing 200 in 171ms (next.js: 3ms, proxy.ts: 139ms, application-code: 29ms)
 GET /pricing 200 in 177ms (next.js: 3ms, proxy.ts: 141ms, application-code: 33ms)
 GET /pricing 200 in 173ms (next.js: 3ms, proxy.ts: 135ms, application-code: 35ms)
 GET /pricing 200 in 223ms (next.js: 3ms, proxy.ts: 185ms, application-code: 35ms)
 GET /pricing 200 in 165ms (next.js: 3ms, proxy.ts: 135ms, application-code: 27ms)
 GET /pricing 200 in 153ms (next.js: 1436µs, proxy.ts: 131ms, application-code: 21ms)
 GET /pricing 200 in 151ms (next.js: 1237µs, proxy.ts: 132ms, application-code: 17ms)
 GET /pricing 200 in 140ms (next.js: 1468µs, proxy.ts: 117ms, application-code: 22ms)
 GET /pricing 200 in 233ms (next.js: 3ms, proxy.ts: 191ms, application-code: 38ms)
 GET /pricing 200 in 146ms (next.js: 3ms, proxy.ts: 113ms, application-code: 30ms)
 GET /pricing 200 in 168ms (next.js: 3ms, proxy.ts: 133ms, application-code: 32ms)
 GET /pricing 200 in 212ms (next.js: 3ms, proxy.ts: 176ms, application-code: 32ms)
 GET /pricing 200 in 174ms (next.js: 3ms, proxy.ts: 137ms, application-code: 33ms)
 GET /pricing 200 in 150ms (next.js: 3ms, proxy.ts: 117ms, application-code: 30ms)
 GET /pricing 200 in 215ms (next.js: 3ms, proxy.ts: 175ms, application-code: 37ms)
 GET /pricing 200 in 147ms (next.js: 3ms, proxy.ts: 112ms, application-code: 32ms)
 GET /pricing 200 in 170ms (next.js: 3ms, proxy.ts: 135ms, application-code: 32ms)
 GET /pricing 200 in 211ms (next.js: 3ms, proxy.ts: 175ms, application-code: 33ms)
 GET /pricing 200 in 171ms (next.js: 3ms, proxy.ts: 136ms, application-code: 32ms)
 GET /pricing 200 in 146ms (next.js: 3ms, proxy.ts: 114ms, application-code: 29ms)
 GET /pricing 200 in 218ms (next.js: 3ms, proxy.ts: 181ms, application-code: 34ms)
 GET /pricing 200 in 150ms (next.js: 3ms, proxy.ts: 117ms, application-code: 30ms)
 GET /pricing 200 in 212ms (next.js: 3ms, proxy.ts: 177ms, application-code: 32ms)
 GET /pricing 200 in 169ms (next.js: 3ms, proxy.ts: 135ms, application-code: 31ms)
 GET /pricing 200 in 171ms (next.js: 3ms, proxy.ts: 136ms, application-code: 32ms)
 GET /pricing 200 in 154ms (next.js: 3ms, proxy.ts: 118ms, application-code: 33ms)
 GET /pricing 200 in 214ms (next.js: 3ms, proxy.ts: 177ms, application-code: 34ms)
 GET /pricing 200 in 172ms (next.js: 3ms, proxy.ts: 135ms, application-code: 34ms)
 GET /pricing 200 in 168ms (next.js: 3ms, proxy.ts: 134ms, application-code: 31ms)
 GET /pricing 200 in 192ms (next.js: 3ms, proxy.ts: 158ms, application-code: 31ms)
 GET /pricing 200 in 173ms (next.js: 3ms, proxy.ts: 137ms, application-code: 32ms)
 GET /pricing 200 in 148ms (next.js: 3ms, proxy.ts: 117ms, application-code: 29ms)
 GET /pricing 200 in 219ms (next.js: 3ms, proxy.ts: 178ms, application-code: 38ms)
 GET /pricing 200 in 173ms (next.js: 3ms, proxy.ts: 135ms, application-code: 34ms)
 GET /pricing 200 in 170ms (next.js: 3ms, proxy.ts: 134ms, application-code: 32ms)
 GET /pricing 200 in 181ms (next.js: 2ms, proxy.ts: 149ms, application-code: 30ms)
 GET /pricing 200 in 157ms (next.js: 3ms, proxy.ts: 122ms, application-code: 32ms)
 GET /pricing 200 in 177ms (next.js: 6ms, proxy.ts: 140ms, application-code: 30ms)
 GET /pricing 200 in 208ms (next.js: 3ms, proxy.ts: 168ms, application-code: 36ms)
 GET /pricing 200 in 173ms (next.js: 3ms, proxy.ts: 135ms, application-code: 35ms)
 GET /pricing 200 in 147ms (next.js: 3ms, proxy.ts: 116ms, application-code: 29ms)
 GET /pricing 200 in 202ms (next.js: 1910µs, proxy.ts: 174ms, application-code: 27ms)
 GET /pricing 200 in 156ms (next.js: 3ms, proxy.ts: 117ms, application-code: 36ms)
 GET /pricing 200 in 165ms (next.js: 3ms, proxy.ts: 135ms, application-code: 27ms)
 GET /pricing 200 in 217ms (next.js: 2ms, proxy.ts: 184ms, application-code: 31ms)
 GET /pricing 200 in 180ms (next.js: 3ms, proxy.ts: 144ms, application-code: 33ms)
 GET /pricing 200 in 170ms (next.js: 3ms, proxy.ts: 136ms, application-code: 31ms)
 GET /pricing 200 in 186ms (next.js: 3ms, proxy.ts: 151ms, application-code: 32ms)
 GET /pricing 200 in 148ms (next.js: 3ms, proxy.ts: 114ms, application-code: 31ms)
 GET /pricing 200 in 164ms (next.js: 3ms, proxy.ts: 134ms, application-code: 28ms)
 POST /api/create-order 403 in 103ms (next.js: 94ms, proxy.ts: 3ms, application-code: 6ms)
 POST /api/create-order 200 in 4ms (next.js: 1005µs, proxy.ts: 1444µs, application-code: 1820µs)
 POST /api/create-order 200 in 3ms (next.js: 583µs, proxy.ts: 1205µs, application-code: 1427µs)
 POST /api/webhooks/razorpay 200 in 40ms (next.js: 36ms, proxy.ts: 1196µs, application-code: 3ms)
 POST /api/webhooks/razorpay 200 in 5ms (next.js: 1043µs, proxy.ts: 1999µs, application-code: 1652µs)
 POST /api/webhooks/razorpay 200 in 5ms (next.js: 1438µs, proxy.ts: 1617µs, application-code: 1944µs)
 POST /api/webhooks/razorpay 200 in 4ms (next.js: 728µs, proxy.ts: 1379µs, application-code: 1395µs)
 POST /api/webhooks/razorpay 400 in 3ms (next.js: 737µs, proxy.ts: 1257µs, application-code: 1413µs)
 GET / 200 in 871ms (next.js: 47ms, proxy.ts: 800ms, application-code: 24ms)
 GET /pricing 200 in 252ms (next.js: 7ms, proxy.ts: 222ms, application-code: 23ms)
 GET /docs 200 in 454ms (next.js: 32ms, proxy.ts: 389ms, application-code: 33ms)
 GET /research 200 in 196ms (next.js: 27ms, proxy.ts: 152ms, application-code: 17ms)
 GET / 200 in 221ms (next.js: 4ms, proxy.ts: 202ms, application-code: 16ms)
 GET /pricing 200 in 2.2s (next.js: 11ms, proxy.ts: 2.2s, application-code: 32ms)
 GET /dashboard 200 in 2.5s (next.js: 126ms, proxy.ts: 1489ms, application-code: 902ms)
 GET /dashboard/usage 200 in 266ms (next.js: 36ms, proxy.ts: 213ms, application-code: 17ms)
[browser] Received NaN for the `cy` attribute. If this is expected, cast the value to a string. 
    at validateProperty (file:///Users/krish/Documents/krixai web/.next/dev/static/chunks/node_modules_next_dist_compiled_react-dom_096_9a-._.js:2091:71)
    at warnUnknownProperties (file:///Users/krish/Documents/krixai web/.next/dev/static/chunks/node_modules_next_dist_compiled_react-dom_096_9a-._.js:2203:26)
    at validatePropertiesInDevelopment (file:///Users/krish/Documents/krixai web/.next/dev/static/chunks/node_modules_next_dist_compiled_react-dom_096_9a-._.js:10679:66)
    at setInitialProperties (file:///Users/krish/Documents/krixai web/.next/dev/static/chunks/node_modules_next_dist_compiled_react-dom_096_9a-._.js:10969:9)
    at completeWork (file:///Users/krish/Documents/krixai web/.next/dev/static/chunks/node_modules_next_dist_compiled_react-dom_096_9a-._.js:6979:35)
    at runWithFiberInDEV (file:///Users/krish/Documents/krixai web/.next/dev/static/chunks/node_modules_next_dist_compiled_react-dom_096_9a-._.js:965:74)
    at completeUnitOfWork (file:///Users/krish/Documents/krixai web/.next/dev/static/chunks/node_modules_next_dist_compiled_react-dom_096_9a-._.js:9622:23)
    at performUnitOfWork (file:///Users/krish/Documents/krixai web/.next/dev/static/chunks/node_modules_next_dist_compiled_react-dom_096_9a-._.js:9557:28)
    at workLoopSync (file:///Users/krish/Documents/krixai web/.next/dev/static/chunks/node_modules_next_dist_compiled_react-dom_096_9a-._.js:9449:40)
    at renderRootSync (file:///Users/krish/Documents/krixai web/.next/dev/static/chunks/node_modules_next_dist_compiled_react-dom_096_9a-._.js:9433:13)
    at performWorkOnRoot (file:///Users/krish/Documents/krixai web/.next/dev/static/chunks/node_modules_next_dist_compiled_react-dom_096_9a-._.js:9061:186)
    at performWorkOnRootViaSchedulerTask (file:///Users/krish/Documents/krixai web/.next/dev/static/chunks/node_modules_next_dist_compiled_react-dom_096_9a-._.js:10255:9)
    at MessagePort.performWorkUntilDeadline (file:///Users/krish/Documents/krixai web/.next/dev/static/chunks/node_modules_next_dist_compiled_1amofcm._.js:2647:64) (file:///Users/krish/Documents/krixai web/.next/dev/static/chunks/node_modules_next_dist_compiled_react-dom_096_9a-._.js:2091:71)
 GET /dashboard/billing 200 in 279ms (next.js: 36ms, proxy.ts: 229ms, application-code: 13ms)
 GET /dashboard/settings 200 in 309ms (next.js: 37ms, proxy.ts: 257ms, application-code: 15ms)
 GET /contact 200 in 193ms (next.js: 36ms, proxy.ts: 116ms, application-code: 42ms)
 GET /dashboard 200 in 264ms (next.js: 4ms, proxy.ts: 129ms, application-code: 131ms)
 GET / 200 in 167ms (next.js: 7ms, proxy.ts: 142ms, application-code: 17ms)
 GET /pricing 200 in 189ms (next.js: 5ms, proxy.ts: 160ms, application-code: 25ms)
 GET /pricing 200 in 1404ms (next.js: 12ms, proxy.ts: 1168ms, application-code: 223ms)
Failed to insert order into DB {
  code: '42501',
  details: null,
  hint: 'Grant the required privileges to the current role with: GRANT INSERT ON public.razorpay_orders TO authenticated;',
  message: 'permission denied for table razorpay_orders'
}
 POST /api/create-order 500 in 1277ms (next.js: 4ms, proxy.ts: 223ms, application-code: 1050ms)
 GET /pricing 200 in 992ms (next.js: 14ms, proxy.ts: 873ms, application-code: 104ms)
 GET /pricing 200 in 676ms (next.js: 12ms, proxy.ts: 579ms, application-code: 86ms)
 GET / 200 in 143ms (next.js: 4ms, proxy.ts: 121ms, application-code: 18ms)
 GET /pricing 200 in 151ms (next.js: 7ms, proxy.ts: 122ms, application-code: 22ms)
Failed to insert order into DB {
  code: '42501',
  details: null,
  hint: 'Grant the required privileges to the current role with: GRANT INSERT ON public.razorpay_orders TO authenticated;',
  message: 'permission denied for table razorpay_orders'
}
 POST /api/create-order 500 in 1098ms (next.js: 3ms, proxy.ts: 172ms, application-code: 923ms)
Failed to insert order into DB {
  "code": "42501",
  "details": null,
  "hint": "Grant the required privileges to the current role with: GRANT INSERT ON public.razorpay_orders TO authenticated;",
  "message": "permission denied for table razorpay_orders"
} permission denied for table razorpay_orders 42501 null
 POST /api/create-order 500 in 1262ms (next.js: 8ms, proxy.ts: 608ms, application-code: 646ms)
 GET /pricing 200 in 284ms (next.js: 8ms, proxy.ts: 183ms, application-code: 93ms)
Failed to insert order into DB {
  "code": "42501",
  "details": null,
  "hint": "Grant the required privileges to the current role with: GRANT INSERT ON public.razorpay_orders TO authenticated;",
  "message": "permission denied for table razorpay_orders"
} permission denied for table razorpay_orders 42501 null
 POST /api/create-order 500 in 1136ms (next.js: 5ms, proxy.ts: 354ms, application-code: 776ms)
[?25h
